{"user_id": "123"}
{"user_id": "456"}
{"user_id": "789"}
