{"full_name": "john", "user_id": 123, "login_time": 1692144000, "processed_at": 1692144000000}
{"full_name": "jane", "user_id": 456, "login_time": 1692144060, "processed_at": 1692144000000}
{"full_name": "bob", "user_id": 789, "login_time": 1692144120, "processed_at": 1692144000000}
